0 -> 0
1 -> 1
100 -> 1100100
9223372036854775807 -> 111111111111111111111111111111111111111111111111111111111111111
